Analysis & Synthesis report for DE2_115_CAMERA
Thu Dec 13 21:34:20 2018
Quartus Prime Version 18.0.0 Build 614 04/24/2018 SJ Lite Edition


---------------------
; Table of Contents ;
---------------------
  1. Legal Notice
  2. Analysis & Synthesis Summary
  3. Analysis & Synthesis Settings
  4. Parallel Compilation
  5. Analysis & Synthesis Messages
  6. Analysis & Synthesis Suppressed Messages



----------------
; Legal Notice ;
----------------
Copyright (C) 2018  Intel Corporation. All rights reserved.
Your use of Intel Corporation's design tools, logic functions 
and other software and tools, and its AMPP partner logic 
functions, and any output files from any of the foregoing 
(including device programming or simulation files), and any 
associated documentation or information are expressly subject 
to the terms and conditions of the Intel Program License 
Subscription Agreement, the Intel Quartus Prime License Agreement,
the Intel FPGA IP License Agreement, or other applicable license
agreement, including, without limitation, that your use is for
the sole purpose of programming logic devices manufactured by
Intel and sold by Intel or its authorized distributors.  Please
refer to the applicable agreement for further details.



+----------------------------------------------------------------------------------+
; Analysis & Synthesis Summary                                                     ;
+------------------------------------+---------------------------------------------+
; Analysis & Synthesis Status        ; Failed - Thu Dec 13 21:34:20 2018           ;
; Quartus Prime Version              ; 18.0.0 Build 614 04/24/2018 SJ Lite Edition ;
; Revision Name                      ; DE2_115_CAMERA                              ;
; Top-level Entity Name              ; DE2_115_CAMERA                              ;
; Family                             ; Cyclone IV E                                ;
; Total logic elements               ; N/A until Partition Merge                   ;
;     Total combinational functions  ; N/A until Partition Merge                   ;
;     Dedicated logic registers      ; N/A until Partition Merge                   ;
; Total registers                    ; N/A until Partition Merge                   ;
; Total pins                         ; N/A until Partition Merge                   ;
; Total virtual pins                 ; N/A until Partition Merge                   ;
; Total memory bits                  ; N/A until Partition Merge                   ;
; Embedded Multiplier 9-bit elements ; N/A until Partition Merge                   ;
; Total PLLs                         ; N/A until Partition Merge                   ;
+------------------------------------+---------------------------------------------+


+------------------------------------------------------------------------------------------------------------+
; Analysis & Synthesis Settings                                                                              ;
+------------------------------------------------------------------+--------------------+--------------------+
; Option                                                           ; Setting            ; Default Value      ;
+------------------------------------------------------------------+--------------------+--------------------+
; Device                                                           ; EP4CE115F29C7      ;                    ;
; Top-level entity name                                            ; DE2_115_CAMERA     ; DE2_115_CAMERA     ;
; Family name                                                      ; Cyclone IV E       ; Stratix II         ;
; VHDL Show LMF Mapping Messages                                   ; Off                ;                    ;
; Verilog Show LMF Mapping Messages                                ; Off                ;                    ;
; Verilog Version                                                  ; SystemVerilog_2005 ; Verilog_2001       ;
; VHDL Version                                                     ; VHDL_2008          ; VHDL_1993          ;
; Use smart compilation                                            ; Off                ; Off                ;
; Enable parallel Assembler and Timing Analyzer during compilation ; On                 ; On                 ;
; Enable compact report table                                      ; Off                ; Off                ;
; Restructure Multiplexers                                         ; Auto               ; Auto               ;
; Create Debugging Nodes for IP Cores                              ; Off                ; Off                ;
; Preserve fewer node names                                        ; On                 ; On                 ;
; Intel FPGA IP Evaluation Mode                                    ; Enable             ; Enable             ;
; State Machine Processing                                         ; Auto               ; Auto               ;
; Safe State Machine                                               ; Off                ; Off                ;
; Extract Verilog State Machines                                   ; On                 ; On                 ;
; Extract VHDL State Machines                                      ; On                 ; On                 ;
; Ignore Verilog initial constructs                                ; Off                ; Off                ;
; Iteration limit for constant Verilog loops                       ; 5000               ; 5000               ;
; Iteration limit for non-constant Verilog loops                   ; 250                ; 250                ;
; Add Pass-Through Logic to Inferred RAMs                          ; On                 ; On                 ;
; Infer RAMs from Raw Logic                                        ; On                 ; On                 ;
; Parallel Synthesis                                               ; On                 ; On                 ;
; DSP Block Balancing                                              ; Auto               ; Auto               ;
; NOT Gate Push-Back                                               ; On                 ; On                 ;
; Power-Up Don't Care                                              ; On                 ; On                 ;
; Remove Redundant Logic Cells                                     ; Off                ; Off                ;
; Remove Duplicate Registers                                       ; On                 ; On                 ;
; Ignore CARRY Buffers                                             ; Off                ; Off                ;
; Ignore CASCADE Buffers                                           ; Off                ; Off                ;
; Ignore GLOBAL Buffers                                            ; Off                ; Off                ;
; Ignore ROW GLOBAL Buffers                                        ; Off                ; Off                ;
; Ignore LCELL Buffers                                             ; Off                ; Off                ;
; Ignore SOFT Buffers                                              ; On                 ; On                 ;
; Limit AHDL Integers to 32 Bits                                   ; Off                ; Off                ;
; Optimization Technique                                           ; Balanced           ; Balanced           ;
; Carry Chain Length                                               ; 70                 ; 70                 ;
; Auto Carry Chains                                                ; On                 ; On                 ;
; Auto Open-Drain Pins                                             ; On                 ; On                 ;
; Perform WYSIWYG Primitive Resynthesis                            ; Off                ; Off                ;
; Auto ROM Replacement                                             ; On                 ; On                 ;
; Auto RAM Replacement                                             ; On                 ; On                 ;
; Auto DSP Block Replacement                                       ; On                 ; On                 ;
; Auto Shift Register Replacement                                  ; Auto               ; Auto               ;
; Allow Shift Register Merging across Hierarchies                  ; Auto               ; Auto               ;
; Auto Clock Enable Replacement                                    ; On                 ; On                 ;
; Strict RAM Replacement                                           ; Off                ; Off                ;
; Allow Synchronous Control Signals                                ; On                 ; On                 ;
; Force Use of Synchronous Clear Signals                           ; Off                ; Off                ;
; Auto RAM Block Balancing                                         ; On                 ; On                 ;
; Auto RAM to Logic Cell Conversion                                ; Off                ; Off                ;
; Auto Resource Sharing                                            ; Off                ; Off                ;
; Allow Any RAM Size For Recognition                               ; Off                ; Off                ;
; Allow Any ROM Size For Recognition                               ; Off                ; Off                ;
; Allow Any Shift Register Size For Recognition                    ; Off                ; Off                ;
; Use LogicLock Constraints during Resource Balancing              ; On                 ; On                 ;
; Ignore translate_off and synthesis_off directives                ; Off                ; Off                ;
; Timing-Driven Synthesis                                          ; On                 ; On                 ;
; Report Parameter Settings                                        ; On                 ; On                 ;
; Report Source Assignments                                        ; On                 ; On                 ;
; Report Connectivity Checks                                       ; On                 ; On                 ;
; Ignore Maximum Fan-Out Assignments                               ; Off                ; Off                ;
; Synchronization Register Chain Length                            ; 2                  ; 2                  ;
; Power Optimization During Synthesis                              ; Normal compilation ; Normal compilation ;
; HDL message level                                                ; Level2             ; Level2             ;
; Suppress Register Optimization Related Messages                  ; Off                ; Off                ;
; Number of Removed Registers Reported in Synthesis Report         ; 5000               ; 5000               ;
; Number of Swept Nodes Reported in Synthesis Report               ; 5000               ; 5000               ;
; Number of Inverted Registers Reported in Synthesis Report        ; 100                ; 100                ;
; Clock MUX Protection                                             ; On                 ; On                 ;
; Auto Gated Clock Conversion                                      ; Off                ; Off                ;
; Block Design Naming                                              ; Auto               ; Auto               ;
; SDC constraint protection                                        ; Off                ; Off                ;
; Synthesis Effort                                                 ; Auto               ; Auto               ;
; Shift Register Replacement - Allow Asynchronous Clear Signal     ; On                 ; On                 ;
; Pre-Mapping Resynthesis Optimization                             ; Off                ; Off                ;
; Analysis & Synthesis Message Level                               ; Medium             ; Medium             ;
; Disable Register Merging Across Hierarchies                      ; Auto               ; Auto               ;
; Resource Aware Inference For Block RAM                           ; On                 ; On                 ;
+------------------------------------------------------------------+--------------------+--------------------+


+------------------------------------------+
; Parallel Compilation                     ;
+----------------------------+-------------+
; Processors                 ; Number      ;
+----------------------------+-------------+
; Number detected on machine ; 4           ;
; Maximum allowed            ; 2           ;
;                            ;             ;
; Average used               ; 1.00        ;
; Maximum used               ; 1           ;
;                            ;             ;
; Usage by Processor         ; % Time Used ;
;     Processor 1            ; 100.0%      ;
+----------------------------+-------------+


+-------------------------------+
; Analysis & Synthesis Messages ;
+-------------------------------+
Info: *******************************************************************
Info: Running Quartus Prime Analysis & Synthesis
    Info: Version 18.0.0 Build 614 04/24/2018 SJ Lite Edition
    Info: Processing started: Thu Dec 13 21:33:58 2018
Info: Command: quartus_map --read_settings_files=on --write_settings_files=off DE2_115_CAMERA -c DE2_115_CAMERA
Warning (18236): Number of processors has not been specified which may cause overloading on shared machines.  Set the global assignment NUM_PARALLEL_PROCESSORS in your QSF to an appropriate value for best performance.
Info (20030): Parallel compilation is enabled and will use 2 of the 2 processors detected
Info (12021): Found 2 design units, including 2 entities, in source file rgb_xyz_transformations.sv
    Info (12023): Found entity 1: RGB_To_XYZ File: C:/Facial-Recognition/RGB_XYZ_Transformations.sv Line: 1
    Info (12023): Found entity 2: RGB_Normalizer File: C:/Facial-Recognition/RGB_XYZ_Transformations.sv Line: 25
Info (12021): Found 1 design units, including 1 entities, in source file y_coord.sv
    Info (12023): Found entity 1: Y_Coord File: C:/Facial-Recognition/Y_Coord.sv Line: 1
Info (12021): Found 1 design units, including 1 entities, in source file x_coord.sv
    Info (12023): Found entity 1: X_Coord File: C:/Facial-Recognition/X_Coord.sv Line: 1
Info (12021): Found 1 design units, including 1 entities, in source file width.sv
    Info (12023): Found entity 1: Width File: C:/Facial-Recognition/Width.sv Line: 1
Info (12021): Found 1 design units, including 1 entities, in source file stage_thresh.sv
    Info (12023): Found entity 1: Stage_Threshold File: C:/Facial-Recognition/Stage_Thresh.sv Line: 1
Info (12021): Found 1 design units, including 1 entities, in source file right.sv
    Info (12023): Found entity 1: Right File: C:/Facial-Recognition/Right.sv Line: 1
Info (12021): Found 1 design units, including 1 entities, in source file left.sv
    Info (12023): Found entity 1: Left File: C:/Facial-Recognition/Left.sv Line: 1
Info (12021): Found 1 design units, including 1 entities, in source file height.sv
    Info (12023): Found entity 1: Height File: C:/Facial-Recognition/Height.sv Line: 1
Info (12021): Found 1 design units, including 1 entities, in source file feature_thresh.sv
    Info (12023): Found entity 1: Feature_Threshold File: C:/Facial-Recognition/Feature_Thresh.sv Line: 1
Info (12021): Found 1 design units, including 1 entities, in source file v/sdram_pll.v
    Info (12023): Found entity 1: sdram_pll File: C:/Facial-Recognition/v/sdram_pll.v Line: 40
Info (12021): Found 1 design units, including 1 entities, in source file v/line_buffer1.v
    Info (12023): Found entity 1: Line_Buffer1 File: C:/Facial-Recognition/v/Line_Buffer1.v Line: 40
Info (12021): Found 1 design units, including 1 entities, in source file imagescaler.sv
    Info (12023): Found entity 1: ImageScaler File: C:/Facial-Recognition/ImageScaler.sv Line: 1
Info (12021): Found 1 design units, including 1 entities, in source file classifier.sv
    Info (12023): Found entity 1: Classifier File: C:/Facial-Recognition/Classifier.sv Line: 1
Info (12021): Found 1 design units, including 1 entities, in source file haar_comparison.sv
    Info (12023): Found entity 1: HAAR_Comparison File: C:/Facial-Recognition/HAAR_Comparison.sv Line: 1
Info (12021): Found 1 design units, including 1 entities, in source file feature_amount.sv
    Info (12023): Found entity 1: Feature_Amount File: C:/Facial-Recognition/Feature_Amount.sv Line: 1
Error (10170): Verilog HDL syntax error at DE2_115_CAMERA.sv(677) near text: "]". Check for and fix any syntax errors that appear immediately before or at the specified keyword. The Intel FPGA Knowledge Database contains many articles with specific details on how to resolve this error. Visit the Knowledge Database at https://www.altera.com/support/support-resources/knowledge-base/search.html and search for this specific error message number. File: C:/Facial-Recognition/DE2_115_CAMERA.sv Line: 677
Error (10112): Ignored design unit "DE2_115_CAMERA" at DE2_115_CAMERA.sv(48) due to previous errors File: C:/Facial-Recognition/DE2_115_CAMERA.sv Line: 48
Info (12021): Found 0 design units, including 0 entities, in source file de2_115_camera.sv
Info (12021): Found 1 design units, including 1 entities, in source file sdram_control/sdram_rd_fifo.v
    Info (12023): Found entity 1: Sdram_RD_FIFO File: C:/Facial-Recognition/Sdram_Control/Sdram_RD_FIFO.v Line: 39
Info (12021): Found 1 design units, including 1 entities, in source file sdram_control/sdram_wr_fifo.v
    Info (12023): Found entity 1: Sdram_WR_FIFO File: C:/Facial-Recognition/Sdram_Control/Sdram_WR_FIFO.v Line: 39
Info (12021): Found 1 design units, including 1 entities, in source file v/line_buffer.v
    Info (12023): Found entity 1: Line_Buffer File: C:/Facial-Recognition/v/Line_Buffer.v Line: 39
Warning (12019): Can't analyze file -- file v/Stack_RAM.v is missing
Warning (12019): Can't analyze file -- file v/touch_tcon.v is missing
Warning (12019): Can't analyze file -- file v/VGA_Param.v is missing
Info (12021): Found 1 design units, including 1 entities, in source file sdram_control/control_interface.sv
    Info (12023): Found entity 1: control_interface File: C:/Facial-Recognition/Sdram_Control/control_interface.sv Line: 43
Warning (10229): Verilog HDL Expression warning at sdr_data_path.sv(68): truncated literal to match 1 bits File: C:/Facial-Recognition/Sdram_Control/sdr_data_path.sv Line: 68
Info (12021): Found 1 design units, including 1 entities, in source file sdram_control/sdr_data_path.sv
    Info (12023): Found entity 1: sdr_data_path File: C:/Facial-Recognition/Sdram_Control/sdr_data_path.sv Line: 43
Info (12021): Found 1 design units, including 1 entities, in source file sdram_control/sdram_control.sv
    Info (12023): Found entity 1: Sdram_Control File: C:/Facial-Recognition/Sdram_Control/Sdram_Control.sv Line: 37
Info (12021): Found 1 design units, including 1 entities, in source file v/ccd_capture.sv
    Info (12023): Found entity 1: CCD_Capture File: C:/Facial-Recognition/v/CCD_Capture.sv Line: 43
Info (12021): Found 1 design units, including 1 entities, in source file v/i2c_ccd_config.sv
    Info (12023): Found entity 1: I2C_CCD_Config File: C:/Facial-Recognition/v/I2C_CCD_Config.sv Line: 43
Info (12021): Found 1 design units, including 1 entities, in source file v/i2c_controller.sv
    Info (12023): Found entity 1: I2C_Controller File: C:/Facial-Recognition/v/I2C_Controller.sv Line: 42
Info (12021): Found 1 design units, including 1 entities, in source file v/raw2rgb.sv
    Info (12023): Found entity 1: RAW2RGB File: C:/Facial-Recognition/v/RAW2RGB.sv Line: 44
Info (12021): Found 1 design units, including 1 entities, in source file v/reset_delay.sv
    Info (12023): Found entity 1: Reset_Delay File: C:/Facial-Recognition/v/Reset_Delay.sv Line: 43
Info (12021): Found 1 design units, including 1 entities, in source file v/seg7_lut_8.sv
    Info (12023): Found entity 1: SEG7_LUT_8 File: C:/Facial-Recognition/v/SEG7_LUT_8.sv Line: 43
Info (12021): Found 1 design units, including 1 entities, in source file v/vga_controller.sv
    Info (12023): Found entity 1: VGA_Controller File: C:/Facial-Recognition/v/VGA_Controller.sv Line: 43
Info (12021): Found 1 design units, including 1 entities, in source file sdram_control/command.sv
    Info (12023): Found entity 1: command File: C:/Facial-Recognition/Sdram_Control/command.sv Line: 43
Info (12021): Found 1 design units, including 1 entities, in source file v/seg7_lut.sv
    Info (12023): Found entity 1: SEG7_LUT File: C:/Facial-Recognition/v/SEG7_LUT.sv Line: 43
Info (144001): Generated suppressed messages file C:/Facial-Recognition/DE2_115_CAMERA.map.smsg
Error: Quartus Prime Analysis & Synthesis was unsuccessful. 2 errors, 5 warnings
    Error: Peak virtual memory: 4741 megabytes
    Error: Processing ended: Thu Dec 13 21:34:21 2018
    Error: Elapsed time: 00:00:23
    Error: Total CPU time (on all processors): 00:00:53


+------------------------------------------+
; Analysis & Synthesis Suppressed Messages ;
+------------------------------------------+
The suppressed messages can be found in C:/Facial-Recognition/DE2_115_CAMERA.map.smsg.


